// Jest Snapshot v1, https://jestjs.io/docs/snapshot-testing

exports[`InvoiceCard — snapshot matches snapshot for a complete invoice 1`] = `
<DocumentFragment>
  <a
    aria-label="Invoice INV-001 from Acme Corp — Open"
    class="group block rounded-lg border border-slate-800 bg-slate-900/60 px-5 py-4 transition-colors hover:border-cyan-700/60 hover:bg-slate-900 focus-visible:outline-none focus-visible:ring-2 focus-visible:ring-cyan-400 focus-visible:ring-offset-2 focus-visible:ring-offset-slate-950"
    href="/invest/INV-001"
  >
    <div
      class="flex flex-wrap items-center gap-x-6 gap-y-2 text-sm"
    >
      <div
        class="min-w-0 flex-1 basis-1/4"
      >
        <p
          class="truncate font-semibold text-slate-100 group-hover:text-cyan-300 transition-colors"
        >
          Acme Corp
        </p>
        <p
          class="text-xs text-slate-500 mt-0.5"
        >
          INV-001
        </p>
      </div>
      <div
        class="basis-1/5 text-right"
      >
        <p
          class="font-mono text-slate-200"
        >
          $50,000
        </p>
        <p
          class="text-xs text-slate-500 mt-0.5"
        >
          Amount
        </p>
      </div>
      <div
        class="basis-1/6 text-right"
      >
        <p
          class="font-mono text-cyan-400"
        >
          8.5%
        </p>
        <p
          class="text-xs text-slate-500 mt-0.5"
        >
          Yield
        </p>
      </div>
      <div
        class="basis-1/5 text-right"
      >
        <p
          class="text-slate-300"
        >
          Sep 30, 2025
        </p>
        <p
          class="text-xs text-slate-500 mt-0.5"
        >
          Maturity
        </p>
      </div>
      <div
        class="basis-auto"
      >
        <span
          aria-label="Status: Open"
          class="inline-flex items-center rounded-full px-2.5 py-0.5 text-xs font-medium bg-cyan-900/40 text-cyan-300 border border-cyan-700/50"
          data-status="Open"
          role="status"
        >
          Open
        </span>
      </div>
    </div>
  </a>
</DocumentFragment>
`;
