// Jest Snapshot v1, https://jestjs.io/docs/snapshot-testing

exports[`copy dictionary — snapshot of full dictionary matches the full copy dictionary snapshot 1`] = `
{
  "error": {
    "actionLabel": "Try again",
    "description": "An unexpected error occurred. We’ve been notified and are looking into it.",
    "previewLabel": "Error boundary",
    "title": "Something went wrong",
  },
  "footer": {
    "contact": "Contact Support",
    "contactUrl": "mailto:support@liquifact.com",
    "discord": "Discord Community",
    "discordUrl": "https://discord.gg/JrGPH4V3",
    "docs": "Documentation",
    "docsUrl": "https://docs.liquifact.com",
    "status": "System Status",
    "statusUrl": "https://status.liquifact.com",
  },
  "globalError": {
    "description": "A layout-level error occurred. Please reload the page or return home.",
    "heading": "Critical error",
    "homeLabel": "← Back to LiquiFact",
    "reloadLabel": "Reload page",
  },
  "home": {
    "apiStatus": "API status",
    "boxBusinessAriaLabel": "For Businesses – upload invoices and get instant stablecoin liquidity",
    "boxBusinessSub": "Upload invoices, get instant stablecoin liquidity.",
    "boxBusinessTitle": "For Businesses",
    "boxInvestAriaLabel": "For Investors – fund tokenized invoices and earn yield at maturity",
    "boxInvestSub": "Fund tokenized invoices and earn yield at maturity.",
    "boxInvestTitle": "For Investors",
    "checkApiHealth": "Check backend health",
    "checking": "Checking…",
    "healthStatus": {
      "connected": "Connected",
      "degraded": "Degraded",
      "rawResponse": "Raw response",
      "unreachable": "Unreachable",
    },
    "heroSub": "Unlock liquidity from unpaid invoices instantly. SMEs get working capital; investors earn yield. Tokenized invoices, escrow on Soroban.",
    "heroTitle": "Global Invoice Liquidity Network on Stellar",
  },
  "invest": {
    "announceFilteredCount": "{matched} of {total} invoices match",
    "announceInvoicesLoaded": "{count} investable invoices loaded",
    "announceNoInvoices": "No invoices available",
    "announceNoMatch": "No invoices match",
    "announceShowing": "Showing {shown} of {total} investable invoices",
    "bulk": {
      "allSelectedAnnounced": "All {total} invoices selected.",
      "clearButton": "Clear selection",
      "deleteButton": "Delete",
      "deleteButtonAria": "Delete {count} selected invoices after confirmation",
      "deleteConfirmBody": "You are about to permanently delete {count} invoice{plural} from the marketplace. This cannot be undone.",
      "deleteConfirmCancelLabel": "Cancel",
      "deleteConfirmConfirmLabel": "Delete {count} invoice{plural}",
      "deleteConfirmTitle": "Delete selected invoices?",
      "deleteErrorMsg": "Could not delete the selected invoices. Please try again.",
      "deleteErrorTitle": "Delete failed",
      "deleteSuccessMsg": "Removed {count} invoice{plural} from the marketplace.",
      "deleteSuccessTitle": "Invoices deleted",
      "exportButton": "Export",
      "exportButtonAria": "Export selected invoices as a JSON download",
      "exportEmptyMsg": "No invoices selected to export.",
      "exportSuccessMsg": "Exported {count} invoice{plural}.",
      "exportSuccessTitle": "Export ready",
      "rowCheckboxAria": "Select invoice {id} from {issuer}",
      "rowClearedAnnounced": "Selection cleared.",
      "rowSelectedAnnounced": "Selected {count} invoices.",
      "selectAllAria": "Select all invoices. Currently {selected} of {total} selected.",
      "selectAllLabel": "Select {selected} of {total}",
      "selectedCount": "{selected} of {total} invoices selected.",
      "toolbarLabel": "Bulk actions toolbar",
    },
    "detail": {
      "actionGroupLabel": "Invoice actions",
      "backToHome": "← LiquiFact",
      "backToMarketplace": "← Back to marketplace",
      "backToMarketplaceLabel": "Back to marketplace",
      "bulk": {
        "clearButton": "Clear selection",
        "deleteButton": "Delete",
        "deleteButtonAria": "Delete {count} selected documents after confirmation",
        "deleteConfirmBody": "You are about to permanently delete {count} document{plural} from this invoice. This cannot be undone.",
        "deleteConfirmCancelLabel": "Cancel",
        "deleteConfirmConfirmLabel": "Delete {count} document{plural}",
        "deleteConfirmTitle": "Delete selected documents?",
        "deleteErrorMsg": "Could not delete the selected documents. Please try again.",
        "deleteErrorTitle": "Delete failed",
        "deleteSuccessMsg": "Removed {count} document{plural} from this invoice.",
        "deleteSuccessTitle": "Documents deleted",
        "exportButton": "Export",
        "exportButtonAria": "Export selected documents as a JSON download",
        "exportEmptyMsg": "No documents selected to export.",
        "exportSuccessMsg": "Exported {count} document{plural}.",
        "exportSuccessTitle": "Export ready",
        "listAriaLabel": "Invoice detail documents",
        "rowCheckboxAria": "Select document {name} ({id})",
        "sectionHeading": "Invoice documents",
        "sectionSub": "Select documents to export or remove from this invoice.",
        "selectAllAria": "Select all invoice documents. Currently {selected} of {total} selected.",
        "selectAllLabel": "Select {selected} of {total}",
        "selectedCount": "{selected} of {total} documents selected.",
        "toolbarLabel": "Invoice detail bulk actions",
      },
      "copyErrorMsg": "Could not copy link to clipboard.",
      "copyErrorTitle": "Copy failed",
      "copyLinkButton": "Copy link",
      "copyLinkButtonLabel": "Copy invoice link to clipboard",
      "copySuccessMsg": "Invoice link copied to clipboard.",
      "copySuccessTitle": "Link copied",
      "densityComfortable": "Comfortable",
      "densityComfortableAriaLabel": "Set comfortable density",
      "densityCompact": "Compact",
      "densityCompactAriaLabel": "Set compact density",
      "densityToggleLabel": "Density",
      "disclaimerNote": "Note: Yield references are educational only and reflect on-chain basis-point assumptions. Invoice contracts settle at maturity. Funding commits principal and is subject to wallet approval.",
      "fundButton": "Fund this invoice",
      "fundButtonLabel": "Fund this invoice",
      "labelAmount": "Amount",
      "labelIssuer": "Issuer",
      "labelMaturity": "Maturity date",
      "labelReference": "Reference",
      "labelStatus": "Status",
      "labelYield": "Estimated yield",
      "loadErrorMsg": "Unable to load invoice details right now.",
      "loadErrorTitle": "Unable to load invoice details",
      "pageSub": "Review the invoice terms before funding.",
      "pageTitle": "Invoice details",
      "printButton": "Print / Save PDF",
      "printButtonLabel": "Print or save this invoice as PDF",
      "summaryHeading": "{issuer}",
    },
    "emptyState": "No investable invoices. Connect wallet to see the marketplace.",
    "errorDescription": "Unable to load investable invoices right now.",
    "errorStatus": "Unable to load investable invoices.",
    "errorTitle": "Unable to load investable invoices",
    "exampleDisclaimer": "EXAMPLE ONLY. NOT A LIVE OFFERING.",
    "exampleHeading": "Example Marketplace Invoice",
    "filterLegend": "Marketplace Filters",
    "filterSoonLabel": "Soon: These filter controls are currently unavailable.",
    "filters": {
      "errorMaturityFrom": "Maturity from must be a valid date (YYYY-MM-DD).",
      "errorMaturityRange": "Maturity from cannot be after maturity to.",
      "errorMaturityTo": "Maturity to must be a valid date (YYYY-MM-DD).",
      "errorYieldMax": "Maximum yield must be a non-negative number.",
      "errorYieldMin": "Minimum yield must be a non-negative number.",
      "errorYieldRange": "Minimum yield cannot exceed maximum yield.",
    },
    "fundAmount": {
      "errorExceedsBalance": "Amount cannot exceed the remaining balance of {max} {currency}.",
      "errorPositive": "Amount must be greater than zero.",
      "errorPrecision": "Amount must not exceed {decimals} decimal places for {currency}.",
      "errorRequired": "Please enter an amount.",
      "expectedYieldLabel": "Expected yield:",
      "helper": "Enter an amount between 1 and {max} {currency}.",
      "label": "Funding amount",
      "placeholder": "e.g. 1000",
      "submitLabel": "Fund this invoice",
      "submittingLabel": "Submitting…",
    },
    "labelMaturity": "Maturity ",
    "labelYield": "Est. yield ",
    "listAriaLabel": "Investable invoices",
    "loadMore": "Load more",
    "loadMoreAriaLabel": "Load more invoices",
    "noMatchFilter": "No invoices match your filters.",
    "retryAction": "Try again",
    "searchPlaceholder": "Search by issuer name",
    "subtext": "Browse tokenized invoices and fund them. Estimated yield is shown for educational purposes; actual payment is received at invoice maturity.",
    "title": "Invest",
    "yieldDisclaimer": "Note: Yield references are educational only and reflect on-chain basis-point assumptions. Invoice contracts settle at maturity.",
  },
  "invoiceDetail": {
    "copyIdError": "Unable to copy — please copy manually.",
    "copyIdLabel": "Reference ID",
    "copyIdSuccess": "Reference ID copied to clipboard.",
  },
  "invoiceTimeline": {
    "heading": "Invoice lifecycle",
    "stageFunded": "Funded",
    "stageListed": "Listed",
    "stageSettled": "Settled",
    "stageUploaded": "Uploaded",
    "stageVerified": "Verified",
    "statusCompleted": "Completed",
    "statusCurrent": "Current",
    "statusPending": "Pending",
  },
  "invoices": {
    "amountLabel": "Amount",
    "announceEditCancelled": "Editing cancelled for invoice {id}.",
    "announceEditStarted": "Editing invoice {id}.",
    "announceEditSuccess": "Invoice {id} updated successfully.",
    "backToHome": "← LiquiFact",
    "cancelEditAction": "Cancel",
    "cancelEditAriaLabel": "Cancel editing invoice {id}",
    "connectWallet": "Connect Wallet",
    "currencyLabel": "Currency",
    "dueDateLabel": "Due date",
    "editRowAction": "Edit",
    "editRowAriaLabel": "Edit invoice {id}",
    "emptyState": "No invoices yet. Connect wallet and upload your first invoice.",
    "errorAmountRequired": "Amount is required and must be valid.",
    "errorCurrencyRequired": "Currency is required.",
    "errorDescription": "There was a problem loading your invoices. Please try again later.",
    "errorDueDateRequired": "Due date is required.",
    "errorIssuerRequired": "Issuer name is required.",
    "errorTitle": "Unable to load invoices",
    "issuerLabel": "Issuer",
    "saveEditAction": "Save",
    "saveEditAriaLabel": "Save edits for invoice {id}",
    "subtext": "Upload and tokenize invoices. List will be wired to the API and Stellar.",
    "title": "Invoices",
    "yieldLabel": "Estimated yield",
  },
  "layout": {
    "backToHome": "← LiquiFact",
    "connectWallet": "Connect Wallet",
  },
  "nav": {
    "announceNavigation": "Navigated to {label}",
    "errorActionLabel": "Retry",
    "errorDescription": "The site navigation ran into an unexpected error. You can retry, or reload the page.",
    "errorTitle": "Navigation unavailable",
  },
  "notFound": {
    "description": "The page you’re looking for doesn’t exist or has been moved.",
    "heading": "Page not found",
    "homeLabel": "← Back to LiquiFact",
    "statusLabel": "404",
  },
  "settings": {
    "allCategories": "All categories",
    "announceFiltered": "{matched} of {total} preferences match",
    "announceLoaded": "{count} preferences loaded",
    "announceNoMatch": "No preferences match",
    "announceNoSettings": "No settings available",
    "announceShowing": "Showing {shown} of {total} preferences",
    "clearFilters": "Reset filters",
    "densityDescription": "Control the spacing of settings sections.",
    "densityLabel": "Density",
    "emptyState": "No preferences available. Connect your wallet to unlock settings.",
    "endOfList": "You have reached the end of the list.",
    "errorActionLabel": "Try again",
    "errorDescription": "Unable to load settings right now.",
    "errorStatus": "Unable to load settings.",
    "errorTitle": "Unable to load settings",
    "filterCategory": "Category:",
    "filterHelp": "Use the category selector or the search box to narrow the list. Paging is reset whenever a filter changes.",
    "filterLegend": "Settings filters",
    "filterSearch": "Search:",
    "listAriaLabel": "Settings list",
    "loadMore": "Load more",
    "loadMoreAriaLabel": "Load more preferences",
    "loadingAriaLabel": "Loading settings",
    "noMatchFilter": "No preferences match the active filters.",
    "retryAction": "Try again",
    "searchPlaceholder": "Search preferences…",
    "subtext": "Personalize your LiquiFact experience. Preferences are stored locally and applied across the app.",
    "title": "Settings",
  },
  "toastError": {
    "actionLabel": "Retry",
    "description": "An unexpected error occurred while showing notifications. You can retry, and the rest of the app is unaffected.",
    "previewLabel": "Error boundary",
    "title": "Notifications failed to load",
  },
  "uploadZone": {
    "badgeMaxSize": "Max {maxSizeMb} MB",
    "badgeOneFile": "One file per invoice",
    "badgePdfOnly": "PDF only",
    "browsePrompt": "or click to browse",
    "changeFile": "Click to choose a different file",
    "dragDropPrompt": "Drag & drop your invoice PDF here",
    "dropZoneLabel": "Drop PDF invoice here or press Enter to browse files",
    "errorEmpty": "File is empty (0 bytes). Please select a valid PDF file.",
    "errorInvalidPdf": "The selected file does not appear to be a valid PDF.",
    "errorInvalidType": "Invalid file type "{type}". Only PDF files are accepted.",
    "errorNoFile": "No file selected.",
    "errorOversize": "File is {sizeMb} MB — exceeds the {maxSizeMb} MB limit.",
    "errorReadFailed": "Unable to read file. Please try again.",
    "errorUploadFailed": "Upload failed. Please try again.",
    "errorUploadStatus": "Upload failed ({status})",
    "fileInputLabel": "Select PDF invoice file",
    "requirementsBody": "Only PDF documents are accepted. Files larger than {maxSizeMb} MB will be rejected. Ensure your invoice is complete and legible before uploading.",
    "requirementsTitle": "Upload requirements",
    "resetAction": "Upload another invoice",
    "resetAriaLabel": "Upload another invoice — clears current upload and starts fresh",
    "spinnerLabel": "Loading",
    "statusSuccess": "Invoice queued for tokenization. Blockchain confirmation pending.",
    "statusTokenizing": "Invoice uploaded. Pending tokenization...",
    "statusUploading": "Uploading invoice...",
    "submitIdle": "Upload & Tokenize Invoice",
    "submitTokenizing": "Tokenizing invoice...",
    "submitUploading": "Uploading invoice...",
  },
  "wallet": {
    "announceConnected": "Wallet connected.",
    "announceDisconnected": "Wallet disconnected.",
    "announceError": "Wallet connection failed.",
    "announceNoWallet": "No wallet detected.",
    "announceWrongNetwork": "Wallet connected to wrong network.",
    "connectButton": "Connect Wallet",
    "connectingButton": "Connecting...",
    "copyAddressButton": "Copy wallet address",
    "disconnectButton": "Disconnect",
    "errorActionLabel": "Retry wallet",
    "errorConnect": "Failed to connect to wallet. Please try again.",
    "errorDescription": "The wallet controls hit an unexpected problem. The rest of the page still works — retry to reload them.",
    "errorPreviewLabel": "Wallet",
    "errorTitle": "Wallet unavailable",
    "errorWrongNetwork": "Wallet is connected to testnet. Please switch to public network.",
    "helperConnected": "Connected to Stellar {network}",
    "helperConnecting": "Please approve the connection in your wallet",
    "helperDisconnected": "Connect your Stellar wallet to access the platform",
    "helperError": "Connection failed. Please try again.",
    "helperNoWallet": "No Stellar wallet detected. Install one to continue",
    "helperWrongNetwork": "Please switch to the Stellar public network",
    "installWalletButton": "Install Stellar Wallet",
    "installWalletUrl": "https://www.stellar.org/wallets",
    "retryButton": "Retry Connection",
    "switchNetworkButton": "Switch Network",
    "toastConnectedMsg": "Wallet connected successfully.",
    "toastConnectedTitle": "Wallet connected",
    "toastCopyErrorMsg": "Failed to copy wallet address to clipboard.",
    "toastCopyErrorTitle": "Copy failed",
    "toastCopySuccessMsg": "Wallet address copied to clipboard.",
    "toastCopySuccessTitle": "Address copied",
    "toastErrorMsg": "Failed to connect to wallet. Please try again.",
    "toastErrorTitle": "Connection failed",
    "toastWrongNetworkMsg": "Wallet is connected to testnet. Please switch to public network.",
    "toastWrongNetworkTitle": "Wrong network",
  },
}
`;
